// Jest Snapshot v1, https://goo.gl/fbAQLP

exports[`RequestForm component renders RequestForm 1`] = `
<DocumentFragment>
  <header>
    RESTY
  </header>
  <section>
    <form
      class="RequestForm"
    >
      <input
        id="url"
        name="url"
        placeholder="url"
        type="text"
      />
      <div>
        <input
          id="GET"
          name="method"
          type="radio"
          value="GET"
        />
        <label
          for="GET"
        >
          GET
        </label>
        <input
          id="POST"
          name="method"
          type="radio"
          value="POST"
        />
        <label
          for="POST"
        >
          POST
        </label>
        <input
          id="PUT"
          name="method"
          type="radio"
          value="PUT"
        />
        <label
          for="PUT"
        >
          PUT
        </label>
        <input
          id="DELETE"
          name="method"
          type="radio"
          value="DELETE"
        />
        <label
          for="DELETE"
        >
          DELETE
        </label>
      </div>
      <button>
        Fetch API
      </button>
      <textarea
        id="request"
        placeholder="Raw JSON"
        type="text"
      />
    </form>
  </section>
</DocumentFragment>
`;
